// Jest Snapshot v1, https://goo.gl/fbAQLP

exports[`Use Is Not Javascript 1`] = `
<p>
  Is Javascript
</p>
`;
